info:  OpenVR: could not open registry key, status 2
info:  OpenVR: Failed to locate module
info:    OpenXR
info:  Enabled instance extensions:
info:    VK_EXT_surface_maintenance1
info:    VK_KHR_get_surface_capabilities2
info:    VK_KHR_surface
info:    VK_KHR_win32_surface
WARNING: radv is not a conformant Vulkan implementation, testing use only.
info:  Found device: AMD Radeon RX 9070 XT (RADV GFX1201) (radv 25.1.7)
info:  D3D11InternalCreateDevice: Maximum supported feature level: D3D_FEATURE_LEVEL_12_1
info:  D3D11InternalCreateDevice: Using feature level D3D_FEATURE_LEVEL_11_1
info:  Creating device:
info:  AMD Radeon RX 9070 XT (RADV GFX1201):
info:    Driver   : radv 25.1.7
info:  Queues:
info:    Graphics : (0, 0)
info:    Transfer : (1, 0)
info:    Sparse   : (0, 0)
info:  Memory:
info:    Heap 0: 31.20 GiB
info:    Budget: 30.93 GiB
info:      Type  2: HOST_VISIBLE | HOST_COHERENT
info:      Type  5: HOST_VISIBLE | HOST_COHERENT | HOST_CACHED
info:      Type  6: HOST_VISIBLE | HOST_COHERENT | HOST_CACHED
info:      Type  8: HOST_VISIBLE | HOST_COHERENT | DEVICE_COHERENT | DEVICE_UNCACHED
info:      Type 10: HOST_VISIBLE | HOST_COHERENT | HOST_CACHED | DEVICE_COHERENT | DEVICE_UNCACHED
info:    Heap 1: 15.92 GiB (DEVICE_LOCAL)
info:    Budget: 13.32 GiB
info:      Type  0: DEVICE_LOCAL
info:      Type  1: DEVICE_LOCAL
info:      Type  3: DEVICE_LOCAL | HOST_VISIBLE | HOST_COHERENT
info:      Type  4: DEVICE_LOCAL | HOST_VISIBLE | HOST_COHERENT
info:      Type  7: DEVICE_LOCAL | DEVICE_COHERENT | DEVICE_UNCACHED
info:      Type  9: DEVICE_LOCAL | HOST_VISIBLE | HOST_COHERENT | DEVICE_COHERENT | DEVICE_UNCACHED
info:  Enabled extensions:
info:    VK_EXT_attachment_feedback_loop_layout
info:    VK_EXT_conservative_rasterization
info:    VK_EXT_custom_border_color
info:    VK_EXT_depth_clip_enable
info:    VK_EXT_depth_bias_control
info:    VK_EXT_descriptor_buffer
info:    VK_EXT_extended_dynamic_state3
info:    VK_EXT_fragment_shader_interlock
info:    VK_EXT_graphics_pipeline_library
info:    VK_EXT_hdr_metadata
info:    VK_EXT_line_rasterization
info:    VK_EXT_memory_priority
info:    VK_EXT_multi_draw
info:    VK_EXT_non_seamless_cube_map
info:    VK_EXT_robustness2
info:    VK_EXT_shader_module_identifier
info:    VK_EXT_shader_stencil_export
info:    VK_EXT_swapchain_maintenance1
info:    VK_EXT_transform_feedback
info:    VK_EXT_vertex_attribute_divisor
info:    VK_KHR_external_memory_win32
info:    VK_KHR_external_semaphore_win32
info:    VK_KHR_load_store_op_none
info:    VK_KHR_maintenance5
info:    VK_KHR_maintenance6
info:    VK_KHR_pipeline_library
info:    VK_KHR_present_id
info:    VK_KHR_present_wait
info:    VK_KHR_swapchain
info:    VK_KHR_swapchain_mutable_format
info:    VK_KHR_win32_keyed_mutex
info:  Enabled features:
info:    depthBiasClamp                 : 1
info:    depthBounds                    : 1
info:    depthClamp                     : 1
info:    drawIndirectFirstInstance      : 1
info:    dualSrcBlend                   : 1
info:    fillModeNonSolid               : 1
info:    fragmentStoresAndAtomics       : 1
info:    fullDrawIndexUint32            : 1
info:    geometryShader                 : 1
info:    imageCubeArray                 : 1
info:    independentBlend               : 1
info:    logicOp                        : 1
info:    multiDrawIndirect              : 1
info:    multiViewport                  : 1
info:    occlusionQueryPrecise          : 1
info:    pipelineStatisticsQuery        : 1
info:    robustBufferAccess             : 1
info:    sampleRateShading              : 1
info:    samplerAnisotropy              : 1
info:    shaderClipDistance             : 1
info:    shaderCullDistance             : 1
info:    shaderFloat64                  : 1
info:    shaderImageGatherExtended      : 1
info:    shaderInt16                    : 1
info:    shaderInt64                    : 1
info:    shaderSampledImageArrayDynamicIndexing : 1
info:    sparseBinding                  : 1
info:    sparseResidencyBuffer          : 1
info:    sparseResidencyImage2D         : 1
info:    sparseResidencyImage3D         : 1
info:    sparseResidency2Samples        : 0
info:    sparseResidency4Samples        : 0
info:    sparseResidency8Samples        : 0
info:    sparseResidency16Samples       : 0
info:    sparseResidencyAliased         : 1
info:    shaderResourceResidency        : 1
info:    shaderResourceMinLod           : 1
info:    tessellationShader             : 1
info:    textureCompressionBC           : 1
info:    variableMultisampleRate        : 1
info:    vertexPipelineStoresAndAtomics : 1
info:    wideLines                      : 1
info:    shaderDrawParameters           : 1
info:    storagePushConstant16          : 1
info:    bufferDeviceAddress            : 1
info:    descriptorIndexing             : 1
info:    descriptorBindingSampledImageUpdateAfterBind : 1
info:    descriptorBindingUpdateUnusedWhilePending : 1
info:    descriptorBindingPartiallyBound : 1
info:    drawIndirectCount              : 1
info:    hostQueryReset                 : 1
info:    runtimeDescriptorArray         : 1
info:    samplerFilterMinmax            : 1
info:    samplerMirrorClampToEdge       : 1
info:    shaderInt8                     : 1
info:    shaderOutputViewportIndex      : 1
info:    shaderOutputLayer              : 1
info:    timelineSemaphore              : 1
info:    uniformBufferStandardLayout    : 1
info:    vulkanMemoryModel              : 1
info:    dynamicRendering               : 1
info:    maintenance4                   : 1
info:    robustImageAccess              : 0
info:    pipelineCreationCacheControl   : 1
info:    shaderDemoteToHelperInvocation : 1
info:    shaderZeroInitializeWorkgroupMemory : 1
info:    synchronization2               : 1
info:  VK_EXT_attachment_feedback_loop_layout:
info:    attachmentFeedbackLoopLayout   : 1
info:  VK_EXT_conservative_rasterization:
info:    extConservativeRasterization   : 1
info:  VK_EXT_custom_border_color:
info:    customBorderColors             : 1
info:    customBorderColorWithoutFormat : 1
info:  VK_EXT_depth_clip_enable:
info:    depthClipEnable                : 1
info:  VK_EXT_depth_bias_control:
info:    depthBiasControl               : 1
info:    leastRepresentableValueForceUnormRepresentation : 1
info:    floatRepresentation            : 1
info:    depthBiasExact                 : 1
info:  VK_EXT_descriptor_buffer:
info:    descriptorBuffer               : 1
info:  VK_EXT_extended_dynamic_state3:
info:    extendedDynamicState3AlphaToCoverageEnable : 1
info:    extendedDynamicState3DepthClipEnable : 1
info:    extendedDynamicState3RasterizationSamples : 1
info:    extendedDynamicState3SampleMask : 1
info:    extendedDynamicState3LineRasterizationMode : 1
info:  VK_EXT_fragment_shader_interlock:
info:    fragmentShaderSampleInterlock  : 1
info:    fragmentShaderPixelInterlock   : 1
info:  VK_EXT_full_screen_exclusive:
info:    extFullScreenExclusive         : 0
info:  VK_EXT_graphics_pipeline_library:
info:    graphicsPipelineLibrary        : 1
info:  VK_EXT_hdr_metadata:
info:    extHdrMetadata                 : 1
info:  VK_EXT_line_rasterization:
info:    rectangularLines               : 1
info:    smoothLines                    : 1
info:  VK_EXT_memory_budget:
info:    extMemoryBudget                : 1
info:  VK_EXT_memory_priority:
info:    memoryPriority                 : 1
info:  VK_EXT_multi_draw:
info:    multiDraw                      : 1
info:  VK_EXT_non_seamless_cube_map:
info:    nonSeamlessCubeMap             : 1
info:  VK_EXT_pageable_device_local_memory:
info:    pageableDeviceLocalMemory      : 0
info:  VK_EXT_robustness2:
info:    robustBufferAccess2            : 1
info:    robustImageAccess2             : 1
info:    nullDescriptor                 : 1
info:  VK_EXT_shader_module_identifier:
info:    shaderModuleIdentifier         : 1
info:  VK_EXT_shader_stencil_export:
info:    extShaderStencilExport         : 1
info:  VK_EXT_swapchain_colorspace:
info:    extSwapchainColorSpace         : 0
info:  VK_EXT_swapchain_maintenance1:
info:    swapchainMaintenance1          : 1
info:  VK_EXT_transform_feedback:
info:    transformFeedback              : 1
info:    geometryStreams                : 1
info:  VK_EXT_vertex_attribute_divisor:
info:    vertexAttributeInstanceRateDivisor : 1
info:    vertexAttributeInstanceRateZeroDivisor : 1
info:  VK_KHR_external_memory_win32:
info:    khrExternalMemoryWin32         : 1
info:  VK_KHR_external_semaphore_win32:
info:    khrExternalSemaphoreWin32      : 1
info:  VK_KHR_load_store_op_none:
info:    khrLoadStoreOpNone             : 1
info:  VK_KHR_maintenance5:
info:    maintenance5                   : 1
info:  VK_KHR_maintenance6:
info:    maintenance6                   : 1
info:  VK_KHR_maintenance7:
info:    maintenance7                   : 0
info:  VK_KHR_pipeline_library:
info:    khrPipelineLibrary             : 1
info:  VK_KHR_present_id:
info:    presentId                      : 1
info:  VK_KHR_present_wait:
info:    presentWait                    : 1
info:  VK_KHR_swapchain:
info:    khrSwapchain                   : 1
info:  VK_KHR_swapchain_mutable_format:
info:    khrSwapchainMutableFormat      : 1
info:  VK_KHR_win32_keyed_mutex:
info:    khrWin32KeyedMutex             : 1
info:  VK_NV_descriptor_pool_overallocation:
info:    descriptorPoolOverallocation   : 0
info:  VK_NV_low_latency2:
info:    nvLowLatency2                  : 0
info:  VK_NV_raw_access_chains:
info:    shaderRawAccessChains          : 0
info:  VK_NVX_binary_import:
info:    nvxBinaryImport                : 0
info:  VK_NVX_image_view_handle:
info:    nvxImageViewHandle             : 0
info:  Descriptor sizes (set alignment: 64)
info:    Sampler              : 16
info:    Uniform buffer       : 16
info:    Storage buffer       : 16
info:    Uniform texel buffer : 16
info:    Storage texel buffer : 16
info:    Sampled image        : 64
info:    Storage image        : 32
info:  Memory type mask for sparse resources: 0x7ad
info:  Memory type mask for buffer resources: 0x7ad, usage: 0x219ff
info:  Creating sampler descriptor heap (32 kB)
info:  DXVK: Graphics pipeline libraries supported
info:  DXGI: VK_FORMAT_D24_UNORM_S8_UINT -> VK_FORMAT_D32_SFLOAT_S8_UINT
info:  Creating resource descriptor heap (8192 kB)
038c:fixme:dcomp:DCompositionCreateDevice2 0000000001250730, {5f4633fe-1e08-4cb8-8c75-ce24333f5602}, 000000000011E528.
03b8:err:kerberos:kerberos_LsaApInitializePackage no Kerberos support, expect problems
03b8:err:ntlm:ntlm_LsaApInitializePackage no NTLM support, expect problems
03b8:fixme:shcore:SetCurrentProcessExplicitAppUserModelID L"RockstarGames.SocialClub.UI.Final": stub
03b8:fixme:process:GetProcessMitigationPolicy (FFFFFFFFFFFFFFFF, 4, 000000000011FA78, 4): stub
03b8:fixme:heap:RtlSetHeapInformation HEAP_INFORMATION_CLASS 1 not implemented!
03b8:fixme:ntdll:EtwEventSetInformation (deadbeef, 2, 00004EB4002A03F0, 16) stub
03d0:err:kerberos:kerberos_LsaApInitializePackage no Kerberos support, expect problems
03d0:err:ntlm:ntlm_LsaApInitializePackage no NTLM support, expect problems
032c:err:ole:marshal_object Failed to create an IRpcStubBuffer from IPSFactory for {00020404-0000-0000-c000-000000000046} with error 0x80004002
043c:fixme:thread:NtSetInformationThread ThreadPowerThrottling stub!
03b8:fixme:ntdll:NtQuerySystemInformation info_class SYSTEM_PERFORMANCE_INFORMATION
0364:fixme:file:NtLockFile I/O completion on lock not implemented yet
0418:fixme:thread:QueryThreadCycleTime (0000000000000130,000000000279FD50): stub!
03d0:fixme:shcore:SetCurrentProcessExplicitAppUserModelID L"RockstarGames.SocialClub.UI.Final": stub
03d0:fixme:process:GetProcessMitigationPolicy (FFFFFFFFFFFFFFFF, 4, 000000000011FA78, 4): stub
03d0:fixme:heap:RtlSetHeapInformation HEAP_INFORMATION_CLASS 1 not implemented!
03d0:fixme:ntdll:EtwEventSetInformation (deadbeef, 2, 00002B8C002A03F0, 16) stub
045c:fixme:thread:NtSetInformationThread ThreadPowerThrottling stub!
0460:fixme:winsock:WSALookupServiceBeginW (000000000321DDC0 0xff0 000000000321DE38) Stub!
0460:fixme:wlanapi:WlanEnumInterfaces (0000000000000001, 0000000000000000, 000000000321CD88) semi-stub
0364:fixme:file:ReplaceFileW Ignoring flags 2
0460:fixme:wlanapi:WlanEnumInterfaces (0000000000000001, 0000000000000000, 000000000321CD88) semi-stub
0478:fixme:thread:NtSetInformationThread ThreadPowerThrottling stub!
0464:fixme:file:NtLockFile I/O completion on lock not implemented yet
0484:fixme:thread:NtSetInformationThread ThreadPowerThrottling stub!
0488:fixme:thread:NtSetInformationThread ThreadPowerThrottling stub!
0498:fixme:thread:NtSetInformationThread ThreadPowerThrottling stub!
err:   D3D11VideoDevice::GetVideoDecoderProfileCount: Stub
032c:err:ole:marshal_object Failed to create an IRpcStubBuffer from IPSFactory for {00000114-0000-0000-c000-000000000046} with error 0x80004002
0414:err:kerberos:kerberos_LsaApInitializePackage no Kerberos support, expect problems
0414:err:ntlm:ntlm_LsaApInitializePackage no NTLM support, expect problems
warn:  D3D11DXGIDevice::QueryInterface: Unknown interface query
warn:  0ec870a6-5d7e-4c22-8cfc-5baae07616ed
warn:  DXGI: MakeWindowAssociation: Ignoring flags
0460:fixme:winsock:setsockopt Ignoring SO_RANDOMIZE_PORT
0414:fixme:shcore:SetCurrentProcessExplicitAppUserModelID L"RockstarGames.SocialClub.UI.Final": stub
0414:fixme:process:GetProcessMitigationPolicy (FFFFFFFFFFFFFFFF, 4, 000000000011FA78, 4): stub
0414:fixme:heap:RtlSetHeapInformation HEAP_INFORMATION_CLASS 1 not implemented!
0414:fixme:ntdll:EtwEventSetInformation (deadbeef, 2, 00005FBC002B0270, 16) stub
0460:fixme:winsock:setsockopt Ignoring SO_RANDOMIZE_PORT
0414:fixme:ntdll:NtQuerySystemInformation info_class SYSTEM_PERFORMANCE_INFORMATION
04b0:fixme:thread:NtSetInformationThread ThreadPowerThrottling stub!
04b4:fixme:thread:NtSetInformationThread ThreadPowerThrottling stub!
0460:fixme:winsock:setsockopt Ignoring SO_RANDOMIZE_PORT
04c8:fixme:thread:NtSetInformationThread ThreadPowerThrottling stub!
04e0:fixme:thread:NtSetInformationThread ThreadPowerThrottling stub!
032c:fixme:oleacc:LresultFromObject unsupported wParam = ffffffff
03d4:err:virtual:virtual_setup_exception stack overflow 3776 bytes addr 0x6ffffd380649 stack 0x6940140 (0x6940000-0x6941000-0x6a40000)
0170:fixme:uiautomation:msaa_provider_GetPatternProvider Unimplemented patternId 10002
0170:fixme:uiautomation:base_hwnd_provider_GetPatternProvider 0000000000884850, 10002, 000000000192F8A0: stub
04ec:fixme:kernelbase:AppPolicyGetThreadInitializationType FFFFFFFFFFFFFFFA, 0000000003C4FF50
04f0:fixme:kernelbase:AppPolicyGetThreadInitializationType FFFFFFFFFFFFFFFA, 0000000003D4FF50
info:  DXVK: Using 16 compiler threads
info:  Presenter: Actual swapchain properties:
info:    Format:       VK_FORMAT_B8G8R8A8_UNORM
info:    Color space:  VK_COLOR_SPACE_SRGB_NONLINEAR_KHR
info:    Present mode: VK_PRESENT_MODE_FIFO_KHR (dynamic: yes)
info:    Buffer size:  1280x600
info:    Image count:  4
038c:fixme:dwmapi:DwmGetCompositionTimingInfo (0000000000000000 000000000011E220)
056c:fixme:thread:NtSetInformationThread ThreadPowerThrottling stub!
0414:fixme:thread:QueryThreadCycleTime (FFFFFFFFFFFFFFFE,000000000011E590): stub!
0460:fixme:ntdll:NtQuerySystemInformation info_class SYSTEM_PERFORMANCE_INFORMATION
0460:fixme:winsock:setsockopt Ignoring SO_RANDOMIZE_PORT
0364:fixme:file:ReplaceFileW Ignoring flags 2
0460:fixme:winsock:setsockopt Ignoring SO_RANDOMIZE_PORT
0460:fixme:winsock:setsockopt Ignoring SO_RANDOMIZE_PORT
0460:fixme:winsock:setsockopt Ignoring SO_RANDOMIZE_PORT
0414:fixme:dwrite:dwritefontface5_HasVariations 00000000003276B0: stub
032c:fixme:oleacc:LresultFromObject unsupported wParam = ffffffff
0170:fixme:uiautomation:msaa_provider_GetPropertyValue Unimplemented propertyId 30020
032c:err:ole:marshal_object Failed to create an IRpcStubBuffer from IPSFactory for {e89f726e-c4f4-4c19-bb19-b647d7fa8478} with error 0x80004002
0170:fixme:uiautomation:msaa_fragment_GetRuntimeId 00000000008827E8, 000000000192F800: stub!
0170:fixme:uiautomation:msaa_provider_GetPatternProvider Unimplemented patternId 10002
00d8:fixme:netprofm:list_manager_GetConnectivity 00000000006D7BC0, 000000000011F478
0460:fixme:winsock:setsockopt Ignoring SO_RANDOMIZE_PORT
0460:fixme:winsock:setsockopt Ignoring SO_RANDOMIZE_PORT
0460:fixme:winsock:setsockopt Ignoring SO_RANDOMIZE_PORT
0364:fixme:file:ReplaceFileW Ignoring flags 2
0364:fixme:file:ReplaceFileW Ignoring flags 2
0460:fixme:winsock:setsockopt Ignoring SO_RANDOMIZE_PORT
0460:fixme:winsock:setsockopt Ignoring SO_RANDOMIZE_PORT
warn:  D3D11Texture2D::QueryInterface: Unknown interface query
warn:  f8fb5c27-c6b3-4f75-a4c8-439af2ef564c
00d8:fixme:shell:CustomDestinationList_SetAppID 000000000073BAF0 (L"RockstarGames.SocialClub.UI.Final"): stub
00d8:fixme:shell:CustomDestinationList_BeginList 000000000073BAF0 (000000000011F0A8 {92ca9dcd-5622-4bba-a805-5e9f541bd8c9} 000000000011F0B8): stub
032c:fixme:system:EnableNonClientDpiScaling (00000000000900E6): stub
032c:fixme:uxtheme:AllowDarkModeForWindow 000000000001017E 1: stub
032c:fixme:dwmapi:DwmExtendFrameIntoClientArea (000000000001017E, 000000000011C910) stub
032c:fixme:win:GetPointerDevices (000000000011D644 0000000000000000): partial stub
032c:fixme:system:NtUserDisplayConfigGetDeviceInfo Unimplemented packet type 11.
032c:fixme:win:GetPointerDevices (000000000011D644 0000000000000000): partial stub
032c:fixme:system:NtUserDisplayConfigGetDeviceInfo Unimplemented packet type 11.
032c:fixme:win:GetPointerDevices (000000000011D644 0000000000000000): partial stub
032c:fixme:system:NtUserDisplayConfigGetDeviceInfo Unimplemented packet type 11.
032c:fixme:manipulation:viewport_ActivateConfiguration 00000000002B1C90, 823
032c:fixme:manipulation:viewport_SetViewportOptions 00000000002B1C90, 2
032c:fixme:manipulation:viewport_AddEventHandler 00000000002B1C90, 0000000000010180, 000063B0003E43A0, 000063B00049C058
032c:fixme:manipulation:viewport_Stop 00000000002B1C90
032c:fixme:manipulation:viewport_RemoveEventHandler 00000000002B1C90, 0
032c:fixme:manipulation:viewport_Abandon 00000000002B1C90
032c:fixme:manipulation:direct_manip_Deactivate 00000000002B1C30, 0000000000010180
032c:fixme:manipulation:viewport_ActivateConfiguration 00000000002B1C90, 823
032c:fixme:manipulation:viewport_SetViewportOptions 00000000002B1C90, 2
032c:fixme:manipulation:viewport_AddEventHandler 00000000002B1C90, 0000000000010180, 000063B0003E43A0, 000063B00049BFB8
032c:fixme:manipulation:viewport_Stop 00000000002B1C90
032c:fixme:manipulation:viewport_RemoveEventHandler 00000000002B1C90, 0
032c:fixme:manipulation:viewport_Abandon 00000000002B1C90
032c:fixme:manipulation:direct_manip_Deactivate 00000000002B1C30, 0000000000010180
032c:fixme:manipulation:viewport_ActivateConfiguration 00000000002B1C90, 823
032c:fixme:manipulation:viewport_SetViewportOptions 00000000002B1C90, 2
032c:fixme:manipulation:viewport_AddEventHandler 00000000002B1C90, 0000000000010180, 000063B0003E43A0, 000063B00049BFB8
032c:fixme:manipulation:viewport_Stop 00000000002B1C90
032c:fixme:manipulation:viewport_RemoveEventHandler 00000000002B1C90, 0
032c:fixme:manipulation:viewport_Abandon 00000000002B1C90
032c:fixme:manipulation:direct_manip_Deactivate 00000000002B1C30, 0000000000010180
0380:fixme:process:CreateProcessInternalW Unsupported attribute 0x20007.
032c:fixme:manipulation:viewport_ActivateConfiguration 00000000002B1C90, 823
032c:fixme:manipulation:viewport_SetViewportOptions 00000000002B1C90, 2
032c:fixme:manipulation:viewport_AddEventHandler 00000000002B1C90, 0000000000010180, 000063B0002CB0A0, 000063B000584438
032c:fixme:manipulation:viewport_Stop 00000000002B1C90
032c:fixme:manipulation:viewport_RemoveEventHandler 00000000002B1C90, 0
032c:fixme:manipulation:viewport_Abandon 00000000002B1C90
032c:fixme:manipulation:direct_manip_Deactivate 00000000002B1C30, 0000000000010180
0170:fixme:oleacc:find_class_data unhandled window class: L"#32769"
00d8:fixme:win:NtUserGetWindowPlacement not fully supported on other process window 0x900e6.
00d8:fixme:win:NtUserGetWindowPlacement not fully supported on other process window 0x900e6.
warn:  DXGI: MakeWindowAssociation: Ignoring flags
0460:fixme:winsock:setsockopt Ignoring SO_RANDOMIZE_PORT
0460:fixme:winsock:setsockopt Ignoring SO_RANDOMIZE_PORT
0170:fixme:oleacc:find_class_data unhandled window class: L"#32769"
0170:fixme:oleacc:Window_get_accState (0000000000837580)->(000000000192FB20 {VT_I4: 0} 000000000192FB40)
info:  Presenter: Actual swapchain properties:
info:    Format:       VK_FORMAT_B8G8R8A8_UNORM
info:    Color space:  VK_COLOR_SPACE_SRGB_NONLINEAR_KHR
info:    Present mode: VK_PRESENT_MODE_FIFO_KHR (dynamic: yes)
info:    Buffer size:  700x800
info:    Image count:  4
032c:fixme:oleacc:LresultFromObject unsupported wParam = ffffffff
05a0:err:kerberos:kerberos_LsaApInitializePackage no Kerberos support, expect problems
05a0:err:ntlm:ntlm_LsaApInitializePackage no NTLM support, expect problems
05a0:fixme:shcore:SetCurrentProcessExplicitAppUserModelID L"RockstarGames.SocialClub.UI.Final": stub
05a0:fixme:process:GetProcessMitigationPolicy (FFFFFFFFFFFFFFFF, 4, 000000000011FA78, 4): stub
05a0:fixme:heap:RtlSetHeapInformation HEAP_INFORMATION_CLASS 1 not implemented!
05a0:fixme:ntdll:EtwEventSetInformation (deadbeef, 2, 000074D0002A0270, 16) stub
05a0:fixme:ntdll:NtQuerySystemInformation info_class SYSTEM_PERFORMANCE_INFORMATION
05f0:fixme:thread:NtSetInformationThread ThreadPowerThrottling stub!
05f4:fixme:thread:NtSetInformationThread ThreadPowerThrottling stub!
0608:fixme:thread:NtSetInformationThread ThreadPowerThrottling stub!
0620:fixme:thread:NtSetInformationThread ThreadPowerThrottling stub!
05a0:fixme:thread:QueryThreadCycleTime (FFFFFFFFFFFFFFFE,000000000011E590): stub!
0460:fixme:winsock:setsockopt Ignoring SO_RANDOMIZE_PORT
0460:fixme:winsock:setsockopt Ignoring SO_RANDOMIZE_PORT
032c:fixme:oleacc:LresultFromObject unsupported wParam = ffffffff
0170:fixme:uiautomation:msaa_provider_GetPatternProvider Unimplemented patternId 10002
0170:fixme:uiautomation:base_hwnd_provider_GetPatternProvider 000000000087C300, 10002, 000000000192F8A0: stub
0460:fixme:winsock:setsockopt Ignoring SO_RANDOMIZE_PORT
0460:fixme:winsock:setsockopt Ignoring SO_RANDOMIZE_PORT
0460:fixme:winsock:setsockopt Ignoring SO_RANDOMIZE_PORT
0460:fixme:winsock:setsockopt Ignoring SO_RANDOMIZE_PORT
0460:fixme:winsock:setsockopt Ignoring SO_RANDOMIZE_PORT
0460:fixme:winsock:setsockopt Ignoring SO_RANDOMIZE_PORT
0460:fixme:winsock:setsockopt Ignoring SO_RANDOMIZE_PORT
0460:fixme:winsock:setsockopt Ignoring SO_RANDOMIZE_PORT
05a0:fixme:dwrite:dwritefontface5_HasVariations 000000000030DDF0: stub
032c:fixme:oleacc:LresultFromObject unsupported wParam = ffffffff
0170:fixme:uiautomation:msaa_provider_GetPropertyValue Unimplemented propertyId 30020
032c:err:ole:marshal_object Failed to create an IRpcStubBuffer from IPSFactory for {e89f726e-c4f4-4c19-bb19-b647d7fa8478} with error 0x80004002
0460:fixme:winsock:setsockopt Ignoring SO_RANDOMIZE_PORT
0170:fixme:uiautomation:msaa_fragment_GetRuntimeId 00000000008827E8, 000000000192F800: stub!
0170:fixme:uiautomation:msaa_provider_GetPatternProvider Unimplemented patternId 10002
00d8:fixme:netprofm:list_manager_GetConnectivity 00000000006D7BC0, 000000000011F478
0364:fixme:sapi:spvoice_SetInterest (0000000003AF8F28, 2400000b6, 2400000b6): stub.
0364:fixme:sapi:spvoice_SetNotifySink (0000000003AF8F28, 000063B000683E00): stub.
0380:fixme:process:CreateProcessInternalW Unsupported attribute 0x20007.
0380:fixme:process:CreateProcessInternalW Unsupported attribute 0x20007.
0364:fixme:thread:NtSetInformationThread ThreadPowerThrottling stub!
0364:fixme:file:ReplaceFileW Ignoring flags 2
0364:fixme:thread:NtSetInformationThread ThreadPowerThrottling stub!
0370:fixme:combase:RoGetActivationFactory (L"Windows.Devices.Sensors.Accelerometer", {a5e28b74-5a87-4a2d-becc-0f906ea061dd}, 000000000347F460): semi-stub
0370:err:combase:RoGetActivationFactory Failed to find library for L"Windows.Devices.Sensors.Accelerometer"
0370:fixme:combase:RoGetActivationFactory (L"Windows.Devices.Sensors.Gyrometer", {83b6e7c9-e49d-4b39-86e6-cd554be4c5c1}, 000000000347F460): semi-stub
0370:err:combase:RoGetActivationFactory Failed to find library for L"Windows.Devices.Sensors.Gyrometer"
065c:err:kerberos:kerberos_LsaApInitializePackage no Kerberos support, expect problems
065c:err:ntlm:ntlm_LsaApInitializePackage no NTLM support, expect problems
0460:fixme:winsock:setsockopt Ignoring SO_RANDOMIZE_PORT
065c:fixme:shcore:SetCurrentProcessExplicitAppUserModelID L"RockstarGames.SocialClub.UI.Final": stub
065c:fixme:process:GetProcessMitigationPolicy (FFFFFFFFFFFFFFFF, 4, 000000000011FA78, 4): stub
0664:err:kerberos:kerberos_LsaApInitializePackage no Kerberos support, expect problems
065c:fixme:heap:RtlSetHeapInformation HEAP_INFORMATION_CLASS 1 not implemented!
065c:fixme:ntdll:EtwEventSetInformation (deadbeef, 2, 00006034002A03F0, 16) stub
0664:err:ntlm:ntlm_LsaApInitializePackage no NTLM support, expect problems
0674:fixme:thread:NtSetInformationThread ThreadPowerThrottling stub!
0664:fixme:shcore:SetCurrentProcessExplicitAppUserModelID L"RockstarGames.SocialClub.UI.Final": stub
0664:fixme:process:GetProcessMitigationPolicy (FFFFFFFFFFFFFFFF, 4, 000000000011FA78, 4): stub
0664:fixme:heap:RtlSetHeapInformation HEAP_INFORMATION_CLASS 1 not implemented!
0664:fixme:ntdll:EtwEventSetInformation (deadbeef, 2, 00003D70002A03F0, 16) stub
0690:fixme:thread:NtSetInformationThread ThreadPowerThrottling stub!
06a0:fixme:combase:RoGetActivationFactory (L"Windows.Devices.Enumeration.DeviceInformation", {c17f100e-3a46-4a78-8013-769dc9b97390}, 000000000351F5D0): semi-stub
06a0:fixme:enumeration:device_statics_FindAllAsyncAqsFilter iface 00006FFFEEA550E8, aqs 000000007FF430C2, op 000000000351F5C0 stub!
0478:fixme:thread:NtSetInformationThread ThreadPowerThrottling stub!
0478:fixme:file:ReplaceFileW Ignoring flags 2
0478:fixme:thread:NtSetInformationThread ThreadPowerThrottling stub!
065c:fixme:mmdevapi:DT_GetConnector (00000000002CC370)->(0, 000000000011D728) - partial stub
065c:fixme:mmdevapi:Connector_GetDeviceIdConnectedTo (00000000002CC3A0) - stub
065c:fixme:mmdevapi:DT_GetConnector (00000000002CC3A0)->(0, 000000000011D728) - partial stub
065c:fixme:mmdevapi:Connector_GetDeviceIdConnectedTo (00000000002CC3D0) - stub
065c:fixme:mmdevapi:DT_GetConnector (00000000002CC370)->(0, 000000000011D728) - partial stub
065c:fixme:mmdevapi:Connector_GetDeviceIdConnectedTo (00000000002CC3A0) - stub
065c:fixme:mmdevapi:DT_GetConnector (00000000002CC370)->(0, 000000000011D728) - partial stub
065c:fixme:mmdevapi:Connector_GetDeviceIdConnectedTo (00000000002CC3A0) - stub
065c:fixme:mmdevapi:DT_GetConnector (00000000002CC2E0)->(0, 000000000011D848) - partial stub
065c:fixme:mmdevapi:Connector_GetDeviceIdConnectedTo (00000000002CC310) - stub
065c:fixme:mmdevapi:DT_GetConnector (00000000002CC2E0)->(0, 000000000011D848) - partial stub
065c:fixme:mmdevapi:Connector_GetDeviceIdConnectedTo (00000000002CC310) - stub
065c:fixme:mmdevapi:DT_GetConnector (00000000002CC2E0)->(0, 000000000011D848) - partial stub
065c:fixme:mmdevapi:Connector_GetDeviceIdConnectedTo (00000000002CC310) - stub
065c:fixme:mmdevapi:DT_GetConnector (00000000002CC2E0)->(0, 000000000011D848) - partial stub
065c:fixme:mmdevapi:Connector_GetDeviceIdConnectedTo (00000000002CC310) - stub
065c:fixme:mmdevapi:DT_GetConnector (00000000002CC2E0)->(0, 000000000011D848) - partial stub
065c:fixme:mmdevapi:Connector_GetDeviceIdConnectedTo (00000000002CC310) - stub
065c:fixme:mmdevapi:DT_GetConnector (00000000002CC2E0)->(0, 000000000011D848) - partial stub
065c:fixme:mmdevapi:Connector_GetDeviceIdConnectedTo (00000000002CC310) - stub
065c:fixme:mmdevapi:DT_GetConnector (00000000002CC370)->(0, 000000000011D728) - partial stub
065c:fixme:mmdevapi:Connector_GetDeviceIdConnectedTo (00000000002CC3A0) - stub
065c:fixme:mmdevapi:DT_GetConnector (00000000002CC370)->(0, 000000000011D728) - partial stub
065c:fixme:mmdevapi:Connector_GetDeviceIdConnectedTo (00000000002CC3A0) - stub
065c:fixme:mmdevapi:DT_GetConnector (00000000002CC3A0)->(0, 000000000011D728) - partial stub
065c:fixme:mmdevapi:Connector_GetDeviceIdConnectedTo (00000000002CC3D0) - stub
00d8:fixme:win:NtUserGetWindowPlacement not fully supported on other process window 0x900e6.
00d8:fixme:win:NtUserGetWindowPlacement not fully supported on other process window 0x900e6.
00d8:fixme:win:NtUserGetWindowPlacement not fully supported on other process window 0x900e6.
00d8:fixme:win:NtUserGetWindowPlacement not fully supported on other process window 0x900e6.
00d8:fixme:win:NtUserGetWindowPlacement not fully supported on other process window 0x900e6.
00d8:fixme:win:NtUserGetWindowPlacement not fully supported on other process window 0x900e6.
032c:fixme:thread:QueryThreadCycleTime (FFFFFFFFFFFFFFFE,000000000011DC20): stub!
032c:fixme:oleacc:LresultFromObject unsupported wParam = ffffffff
0170:fixme:uiautomation:msaa_provider_GetPropertyValue Unimplemented propertyId 30020
032c:err:ole:marshal_object Failed to create an IRpcStubBuffer from IPSFactory for {e89f726e-c4f4-4c19-bb19-b647d7fa8478} with error 0x80004002
0170:fixme:uiautomation:msaa_fragment_GetRuntimeId 00000000008827E8, 000000000192F800: stub!
0370:fixme:combase:RoGetActivationFactory (L"Windows.Devices.Sensors.Accelerometer", {a5e28b74-5a87-4a2d-becc-0f906ea061dd}, 000000000347F460): semi-stub
0370:err:combase:RoGetActivationFactory Failed to find library for L"Windows.Devices.Sensors.Accelerometer"
0370:fixme:combase:RoGetActivationFactory (L"Windows.Devices.Sensors.Gyrometer", {83b6e7c9-e49d-4b39-86e6-cd554be4c5c1}, 000000000347F460): semi-stub
0370:err:combase:RoGetActivationFactory Failed to find library for L"Windows.Devices.Sensors.Gyrometer"
0170:fixme:uiautomation:msaa_provider_GetPatternProvider Unimplemented patternId 10002
00d8:fixme:win:NtUserGetWindowPlacement not fully supported on other process window 0x900e6.
0460:fixme:winsock:setsockopt Ignoring SO_RANDOMIZE_PORT
0460:fixme:winsock:setsockopt Ignoring SO_RANDOMIZE_PORT
0460:fixme:winsock:setsockopt Ignoring SO_RANDOMIZE_PORT
032c:fixme:msctf:TextStoreACPSink_OnLayoutChange STUB:(00000000002FDA50)
032c:fixme:msctf:TextStoreACPSink_OnLayoutChange STUB:(00000000002FDA50)
032c:fixme:msctf:TextStoreACPSink_OnLayoutChange STUB:(00000000002FDA50)
032c:fixme:msctf:TextStoreACPSink_OnLayoutChange STUB:(00000000002FDA50)
032c:fixme:msctf:TextStoreACPSink_OnLayoutChange STUB:(00000000002FDA50)
032c:fixme:msctf:TextStoreACPSink_OnLayoutChange STUB:(00000000002FDA50)
0478:fixme:thread:NtSetInformationThread ThreadPowerThrottling stub!
0478:fixme:file:ReplaceFileW Ignoring flags 2
0478:fixme:thread:NtSetInformationThread ThreadPowerThrottling stub!
032c:fixme:oleacc:LresultFromObject unsupported wParam = ffffffff
0170:fixme:uiautomation:msaa_provider_GetPropertyValue Unimplemented propertyId 30020
0170:fixme:uiautomation:msaa_fragment_GetRuntimeId 00000000008363B8, 000000000192F800: stub!
0170:fixme:uiautomation:msaa_provider_GetPatternProvider Unimplemented patternId 10002
0460:fixme:winsock:setsockopt Ignoring SO_RANDOMIZE_PORT
0460:fixme:winsock:setsockopt Ignoring SO_RANDOMIZE_PORT
0460:fixme:winsock:setsockopt Ignoring SO_RANDOMIZE_PORT
0460:fixme:winsock:setsockopt Ignoring SO_RANDOMIZE_PORT
0380:fixme:process:CreateProcessInternalW Unsupported attribute 0x20007.
0460:fixme:winsock:setsockopt Ignoring SO_RANDOMIZE_PORT
0460:fixme:winsock:setsockopt Ignoring SO_RANDOMIZE_PORT
0700:err:kerberos:kerberos_LsaApInitializePackage no Kerberos support, expect problems
0700:err:ntlm:ntlm_LsaApInitializePackage no NTLM support, expect problems
0700:fixme:shcore:SetCurrentProcessExplicitAppUserModelID L"RockstarGames.SocialClub.UI.Final": stub
0700:fixme:process:GetProcessMitigationPolicy (FFFFFFFFFFFFFFFF, 4, 000000000011FA78, 4): stub
0700:fixme:heap:RtlSetHeapInformation HEAP_INFORMATION_CLASS 1 not implemented!
0700:fixme:ntdll:EtwEventSetInformation (deadbeef, 2, 00001A50002A0270, 16) stub
0700:fixme:ntdll:NtQuerySystemInformation info_class SYSTEM_PERFORMANCE_INFORMATION
0710:fixme:thread:NtSetInformationThread ThreadPowerThrottling stub!
0714:fixme:thread:NtSetInformationThread ThreadPowerThrottling stub!
0728:fixme:thread:NtSetInformationThread ThreadPowerThrottling stub!
0740:fixme:thread:NtSetInformationThread ThreadPowerThrottling stub!
0700:fixme:thread:QueryThreadCycleTime (FFFFFFFFFFFFFFFE,000000000011E590): stub!
0460:fixme:winsock:setsockopt Ignoring SO_RANDOMIZE_PORT
0700:fixme:dwrite:dwritefontface5_HasVariations 000000000031B1B0: stub
0460:fixme:winsock:setsockopt Ignoring SO_RANDOMIZE_PORT
0460:fixme:winsock:setsockopt Ignoring SO_RANDOMIZE_PORT
032c:fixme:msctf:TextStoreACPSink_OnLayoutChange STUB:(00000000002FDA50)
032c:fixme:msctf:TextStoreACPSink_OnLayoutChange STUB:(00000000002FDA50)
00d8:fixme:win:NtUserGetWindowPlacement not fully supported on other process window 0x900e6.
00d8:fixme:win:NtUserGetWindowPlacement not fully supported on other process window 0x900e6.
00d8:fixme:win:NtUserGetWindowPlacement not fully supported on other process window 0x900e6.
00d8:fixme:win:NtUserGetWindowPlacement not fully supported on other process window 0x900e6.
00d8:fixme:win:NtUserGetWindowPlacement not fully supported on other process window 0x900e6.
00d8:fixme:win:NtUserGetWindowPlacement not fully supported on other process window 0x900e6.
032c:fixme:msctf:TextStoreACPSink_OnLayoutChange STUB:(00000000002FDA50)
032c:fixme:msctf:TextStoreACPSink_OnLayoutChange STUB:(00000000002FDA50)
00d8:fixme:win:NtUserGetWindowPlacement not fully supported on other process window 0x900e6.
00d8:fixme:win:NtUserGetWindowPlacement not fully supported on other process window 0x900e6.
00d8:fixme:win:NtUserGetWindowPlacement not fully supported on other process window 0x900e6.
00d8:fixme:win:NtUserGetWindowPlacement not fully supported on other process window 0x900e6.
00d8:fixme:win:NtUserGetWindowPlacement not fully supported on other process window 0x900e6.
00d8:fixme:win:NtUserGetWindowPlacement not fully supported on other process window 0x900e6.
032c:fixme:msctf:TextStoreACPSink_OnLayoutChange STUB:(00000000002FDA50)
032c:fixme:msctf:TextStoreACPSink_OnLayoutChange STUB:(00000000002FDA50)
00d8:fixme:win:NtUserGetWindowPlacement not fully supported on other process window 0x900e6.
00d8:fixme:win:NtUserGetWindowPlacement not fully supported on other process window 0x900e6.
00d8:fixme:win:NtUserGetWindowPlacement not fully supported on other process window 0x900e6.
00d8:fixme:win:NtUserGetWindowPlacement not fully supported on other process window 0x900e6.
00d8:fixme:win:NtUserGetWindowPlacement not fully supported on other process window 0x900e6.
00d8:fixme:win:NtUserGetWindowPlacement not fully supported on other process window 0x900e6.
032c:fixme:msctf:TextStoreACPSink_OnLayoutChange STUB:(00000000002FDA50)
032c:fixme:msctf:TextStoreACPSink_OnLayoutChange STUB:(00000000002FDA50)
00d8:fixme:win:NtUserGetWindowPlacement not fully supported on other process window 0x900e6.
00d8:fixme:win:NtUserGetWindowPlacement not fully supported on other process window 0x900e6.
00d8:fixme:win:NtUserGetWindowPlacement not fully supported on other process window 0x900e6.
00d8:fixme:win:NtUserGetWindowPlacement not fully supported on other process window 0x900e6.
00d8:fixme:win:NtUserGetWindowPlacement not fully supported on other process window 0x900e6.
00d8:fixme:win:NtUserGetWindowPlacement not fully supported on other process window 0x900e6.
032c:fixme:msctf:TextStoreACPSink_OnLayoutChange STUB:(00000000002FDA50)
032c:fixme:msctf:TextStoreACPSink_OnLayoutChange STUB:(00000000002FDA50)
00d8:fixme:win:NtUserGetWindowPlacement not fully supported on other process window 0x900e6.
00d8:fixme:win:NtUserGetWindowPlacement not fully supported on other process window 0x900e6.
00d8:fixme:win:NtUserGetWindowPlacement not fully supported on other process window 0x900e6.
00d8:fixme:win:NtUserGetWindowPlacement not fully supported on other process window 0x900e6.
00d8:fixme:win:NtUserGetWindowPlacement not fully supported on other process window 0x900e6.
00d8:fixme:win:NtUserGetWindowPlacement not fully supported on other process window 0x900e6.
032c:fixme:msctf:TextStoreACPSink_OnLayoutChange STUB:(00000000002FDA50)
032c:fixme:msctf:TextStoreACPSink_OnLayoutChange STUB:(00000000002FDA50)
00d8:fixme:win:NtUserGetWindowPlacement not fully supported on other process window 0x900e6.
00d8:fixme:win:NtUserGetWindowPlacement not fully supported on other process window 0x900e6.
00d8:fixme:win:NtUserGetWindowPlacement not fully supported on other process window 0x900e6.
00d8:fixme:win:NtUserGetWindowPlacement not fully supported on other process window 0x900e6.
00d8:fixme:win:NtUserGetWindowPlacement not fully supported on other process window 0x900e6.
00d8:fixme:win:NtUserGetWindowPlacement not fully supported on other process window 0x900e6.
032c:fixme:msctf:TextStoreACPSink_OnLayoutChange STUB:(00000000002FDA50)
032c:fixme:msctf:TextStoreACPSink_OnLayoutChange STUB:(00000000002FDA50)
00d8:fixme:win:NtUserGetWindowPlacement not fully supported on other process window 0x900e6.
00d8:fixme:win:NtUserGetWindowPlacement not fully supported on other process window 0x900e6.
00d8:fixme:win:NtUserGetWindowPlacement not fully supported on other process window 0x900e6.
00d8:fixme:win:NtUserGetWindowPlacement not fully supported on other process window 0x900e6.
00d8:fixme:win:NtUserGetWindowPlacement not fully supported on other process window 0x900e6.
00d8:fixme:win:NtUserGetWindowPlacement not fully supported on other process window 0x900e6.
032c:fixme:msctf:TextStoreACPSink_OnLayoutChange STUB:(00000000002FDA50)
032c:fixme:msctf:TextStoreACPSink_OnLayoutChange STUB:(00000000002FDA50)
00d8:fixme:win:NtUserGetWindowPlacement not fully supported on other process window 0x900e6.
00d8:fixme:win:NtUserGetWindowPlacement not fully supported on other process window 0x900e6.
00d8:fixme:win:NtUserGetWindowPlacement not fully supported on other process window 0x900e6.
00d8:fixme:win:NtUserGetWindowPlacement not fully supported on other process window 0x900e6.
00d8:fixme:win:NtUserGetWindowPlacement not fully supported on other process window 0x900e6.
00d8:fixme:win:NtUserGetWindowPlacement not fully supported on other process window 0x900e6.
032c:fixme:msctf:TextStoreACPSink_OnLayoutChange STUB:(00000000002FDA50)
032c:fixme:msctf:TextStoreACPSink_OnLayoutChange STUB:(00000000002FDA50)
00d8:fixme:win:NtUserGetWindowPlacement not fully supported on other process window 0x900e6.
00d8:fixme:win:NtUserGetWindowPlacement not fully supported on other process window 0x900e6.
00d8:fixme:win:NtUserGetWindowPlacement not fully supported on other process window 0x900e6.
00d8:fixme:win:NtUserGetWindowPlacement not fully supported on other process window 0x900e6.
00d8:fixme:win:NtUserGetWindowPlacement not fully supported on other process window 0x900e6.
00d8:fixme:win:NtUserGetWindowPlacement not fully supported on other process window 0x900e6.
032c:fixme:msctf:TextStoreACPSink_OnLayoutChange STUB:(00000000002FDA50)
032c:fixme:msctf:TextStoreACPSink_OnLayoutChange STUB:(00000000002FDA50)
00d8:fixme:win:NtUserGetWindowPlacement not fully supported on other process window 0x900e6.
00d8:fixme:win:NtUserGetWindowPlacement not fully supported on other process window 0x900e6.
00d8:fixme:win:NtUserGetWindowPlacement not fully supported on other process window 0x900e6.
00d8:fixme:win:NtUserGetWindowPlacement not fully supported on other process window 0x900e6.
00d8:fixme:win:NtUserGetWindowPlacement not fully supported on other process window 0x900e6.
00d8:fixme:win:NtUserGetWindowPlacement not fully supported on other process window 0x900e6.
032c:fixme:msctf:TextStoreACPSink_OnLayoutChange STUB:(00000000002FDA50)
032c:fixme:msctf:TextStoreACPSink_OnLayoutChange STUB:(00000000002FDA50)
00d8:fixme:win:NtUserGetWindowPlacement not fully supported on other process window 0x900e6.
00d8:fixme:win:NtUserGetWindowPlacement not fully supported on other process window 0x900e6.
00d8:fixme:win:NtUserGetWindowPlacement not fully supported on other process window 0x900e6.
00d8:fixme:win:NtUserGetWindowPlacement not fully supported on other process window 0x900e6.
00d8:fixme:win:NtUserGetWindowPlacement not fully supported on other process window 0x900e6.
00d8:fixme:win:NtUserGetWindowPlacement not fully supported on other process window 0x900e6.
032c:fixme:msctf:TextStoreACPSink_OnLayoutChange STUB:(00000000002FDA50)
032c:fixme:msctf:TextStoreACPSink_OnLayoutChange STUB:(00000000002FDA50)
00d8:fixme:win:NtUserGetWindowPlacement not fully supported on other process window 0x900e6.
00d8:fixme:win:NtUserGetWindowPlacement not fully supported on other process window 0x900e6.
00d8:fixme:win:NtUserGetWindowPlacement not fully supported on other process window 0x900e6.
00d8:fixme:win:NtUserGetWindowPlacement not fully supported on other process window 0x900e6.
00d8:fixme:win:NtUserGetWindowPlacement not fully supported on other process window 0x900e6.
00d8:fixme:win:NtUserGetWindowPlacement not fully supported on other process window 0x900e6.
032c:fixme:msctf:TextStoreACPSink_OnLayoutChange STUB:(00000000002FDA50)
032c:fixme:msctf:TextStoreACPSink_OnLayoutChange STUB:(00000000002FDA50)
00d8:fixme:win:NtUserGetWindowPlacement not fully supported on other process window 0x900e6.
00d8:fixme:win:NtUserGetWindowPlacement not fully supported on other process window 0x900e6.
00d8:fixme:win:NtUserGetWindowPlacement not fully supported on other process window 0x900e6.
00d8:fixme:win:NtUserGetWindowPlacement not fully supported on other process window 0x900e6.
00d8:fixme:win:NtUserGetWindowPlacement not fully supported on other process window 0x900e6.
00d8:fixme:win:NtUserGetWindowPlacement not fully supported on other process window 0x900e6.
032c:fixme:msctf:TextStoreACPSink_OnLayoutChange STUB:(00000000002FDA50)
032c:fixme:msctf:TextStoreACPSink_OnLayoutChange STUB:(00000000002FDA50)
00d8:fixme:win:NtUserGetWindowPlacement not fully supported on other process window 0x900e6.
00d8:fixme:win:NtUserGetWindowPlacement not fully supported on other process window 0x900e6.
00d8:fixme:win:NtUserGetWindowPlacement not fully supported on other process window 0x900e6.
00d8:fixme:win:NtUserGetWindowPlacement not fully supported on other process window 0x900e6.
00d8:fixme:win:NtUserGetWindowPlacement not fully supported on other process window 0x900e6.
00d8:fixme:win:NtUserGetWindowPlacement not fully supported on other process window 0x900e6.
032c:fixme:msctf:TextStoreACPSink_OnLayoutChange STUB:(00000000002FDA50)
032c:fixme:msctf:TextStoreACPSink_OnLayoutChange STUB:(00000000002FDA50)
00d8:fixme:win:NtUserGetWindowPlacement not fully supported on other process window 0x900e6.
00d8:fixme:win:NtUserGetWindowPlacement not fully supported on other process window 0x900e6.
00d8:fixme:win:NtUserGetWindowPlacement not fully supported on other process window 0x900e6.
00d8:fixme:win:NtUserGetWindowPlacement not fully supported on other process window 0x900e6.
00d8:fixme:win:NtUserGetWindowPlacement not fully supported on other process window 0x900e6.
00d8:fixme:win:NtUserGetWindowPlacement not fully supported on other process window 0x900e6.
032c:fixme:msctf:TextStoreACPSink_OnLayoutChange STUB:(00000000002FDA50)
032c:fixme:msctf:TextStoreACPSink_OnLayoutChange STUB:(00000000002FDA50)
00d8:fixme:win:NtUserGetWindowPlacement not fully supported on other process window 0x900e6.
00d8:fixme:win:NtUserGetWindowPlacement not fully supported on other process window 0x900e6.
00d8:fixme:win:NtUserGetWindowPlacement not fully supported on other process window 0x900e6.
00d8:fixme:win:NtUserGetWindowPlacement not fully supported on other process window 0x900e6.
00d8:fixme:win:NtUserGetWindowPlacement not fully supported on other process window 0x900e6.
00d8:fixme:win:NtUserGetWindowPlacement not fully supported on other process window 0x900e6.
032c:fixme:msctf:TextStoreACPSink_OnLayoutChange STUB:(00000000002FDA50)
032c:fixme:msctf:TextStoreACPSink_OnLayoutChange STUB:(00000000002FDA50)
00d8:fixme:win:NtUserGetWindowPlacement not fully supported on other process window 0x900e6.
00d8:fixme:win:NtUserGetWindowPlacement not fully supported on other process window 0x900e6.
00d8:fixme:win:NtUserGetWindowPlacement not fully supported on other process window 0x900e6.
00d8:fixme:win:NtUserGetWindowPlacement not fully supported on other process window 0x900e6.
00d8:fixme:win:NtUserGetWindowPlacement not fully supported on other process window 0x900e6.
00d8:fixme:win:NtUserGetWindowPlacement not fully supported on other process window 0x900e6.
032c:fixme:msctf:TextStoreACPSink_OnLayoutChange STUB:(00000000002FDA50)
032c:fixme:msctf:TextStoreACPSink_OnLayoutChange STUB:(00000000002FDA50)
00d8:fixme:win:NtUserGetWindowPlacement not fully supported on other process window 0x900e6.
00d8:fixme:win:NtUserGetWindowPlacement not fully supported on other process window 0x900e6.
00d8:fixme:win:NtUserGetWindowPlacement not fully supported on other process window 0x900e6.
00d8:fixme:win:NtUserGetWindowPlacement not fully supported on other process window 0x900e6.
00d8:fixme:win:NtUserGetWindowPlacement not fully supported on other process window 0x900e6.
00d8:fixme:win:NtUserGetWindowPlacement not fully supported on other process window 0x900e6.
032c:fixme:msctf:TextStoreACPSink_OnLayoutChange STUB:(00000000002FDA50)
032c:fixme:msctf:TextStoreACPSink_OnLayoutChange STUB:(00000000002FDA50)
00d8:fixme:win:NtUserGetWindowPlacement not fully supported on other process window 0x900e6.
00d8:fixme:win:NtUserGetWindowPlacement not fully supported on other process window 0x900e6.
00d8:fixme:win:NtUserGetWindowPlacement not fully supported on other process window 0x900e6.
00d8:fixme:win:NtUserGetWindowPlacement not fully supported on other process window 0x900e6.
00d8:fixme:win:NtUserGetWindowPlacement not fully supported on other process window 0x900e6.
00d8:fixme:win:NtUserGetWindowPlacement not fully supported on other process window 0x900e6.
032c:fixme:msctf:TextStoreACPSink_OnLayoutChange STUB:(00000000002FDA50)
032c:fixme:msctf:TextStoreACPSink_OnLayoutChange STUB:(00000000002FDA50)
00d8:fixme:win:NtUserGetWindowPlacement not fully supported on other process window 0x900e6.
00d8:fixme:win:NtUserGetWindowPlacement not fully supported on other process window 0x900e6.
00d8:fixme:win:NtUserGetWindowPlacement not fully supported on other process window 0x900e6.
00d8:fixme:win:NtUserGetWindowPlacement not fully supported on other process window 0x900e6.
00d8:fixme:win:NtUserGetWindowPlacement not fully supported on other process window 0x900e6.
00d8:fixme:win:NtUserGetWindowPlacement not fully supported on other process window 0x900e6.
032c:fixme:msctf:TextStoreACPSink_OnLayoutChange STUB:(00000000002FDA50)
032c:fixme:msctf:TextStoreACPSink_OnLayoutChange STUB:(00000000002FDA50)
00d8:fixme:win:NtUserGetWindowPlacement not fully supported on other process window 0x900e6.
00d8:fixme:win:NtUserGetWindowPlacement not fully supported on other process window 0x900e6.
00d8:fixme:win:NtUserGetWindowPlacement not fully supported on other process window 0x900e6.
00d8:fixme:win:NtUserGetWindowPlacement not fully supported on other process window 0x900e6.
00d8:fixme:win:NtUserGetWindowPlacement not fully supported on other process window 0x900e6.
00d8:fixme:win:NtUserGetWindowPlacement not fully supported on other process window 0x900e6.
032c:fixme:msctf:TextStoreACPSink_OnLayoutChange STUB:(00000000002FDA50)
032c:fixme:msctf:TextStoreACPSink_OnLayoutChange STUB:(00000000002FDA50)
00d8:fixme:win:NtUserGetWindowPlacement not fully supported on other process window 0x900e6.
00d8:fixme:win:NtUserGetWindowPlacement not fully supported on other process window 0x900e6.
00d8:fixme:win:NtUserGetWindowPlacement not fully supported on other process window 0x900e6.
00d8:fixme:win:NtUserGetWindowPlacement not fully supported on other process window 0x900e6.
00d8:fixme:win:NtUserGetWindowPlacement not fully supported on other process window 0x900e6.
00d8:fixme:win:NtUserGetWindowPlacement not fully supported on other process window 0x900e6.
032c:fixme:msctf:TextStoreACPSink_OnLayoutChange STUB:(00000000002FDA50)
032c:fixme:msctf:TextStoreACPSink_OnLayoutChange STUB:(00000000002FDA50)
032c:fixme:msctf:TextStoreACPSink_OnLayoutChange STUB:(00000000002FDA50)
00d8:fixme:win:NtUserGetWindowPlacement not fully supported on other process window 0x900e6.
00d8:fixme:win:NtUserGetWindowPlacement not fully supported on other process window 0x900e6.
00d8:fixme:win:NtUserGetWindowPlacement not fully supported on other process window 0x900e6.
00d8:fixme:win:NtUserGetWindowPlacement not fully supported on other process window 0x900e6.
00d8:fixme:win:NtUserGetWindowPlacement not fully supported on other process window 0x900e6.
00d8:fixme:win:NtUserGetWindowPlacement not fully supported on other process window 0x900e6.
00d8:fixme:win:NtUserGetWindowPlacement not fully supported on other process window 0x900e6.
00d8:fixme:win:NtUserGetWindowPlacement not fully supported on other process window 0x900e6.
00d8:fixme:win:NtUserGetWindowPlacement not fully supported on other process window 0x900e6.
032c:fixme:msctf:TextStoreACPSink_OnLayoutChange STUB:(00000000002FDA50)
032c:fixme:msctf:TextStoreACPSink_OnLayoutChange STUB:(00000000002FDA50)
00d8:fixme:win:NtUserGetWindowPlacement not fully supported on other process window 0x900e6.
00d8:fixme:win:NtUserGetWindowPlacement not fully supported on other process window 0x900e6.
00d8:fixme:win:NtUserGetWindowPlacement not fully supported on other process window 0x900e6.
00d8:fixme:win:NtUserGetWindowPlacement not fully supported on other process window 0x900e6.
00d8:fixme:win:NtUserGetWindowPlacement not fully supported on other process window 0x900e6.
00d8:fixme:win:NtUserGetWindowPlacement not fully supported on other process window 0x900e6.
